     1                                  CYLS    EQU     10
     2                                  
     3                                          ORG     0x7c00
     4                                  
     5                                  ;フロッピーディスクの詳細
     6 00000000 EB4E                            JMP     entry
     7 00000002 90                              DB      0x90
     8 00000003 48415249424F5445                DB      "HARIBOTE"
     9 0000000B 0002                            DW      512
    10 0000000D 01                              DB      1
    11 0000000E 0100                            DW      1
    12 00000010 02                              DB      2
    13 00000011 E000                            DW      224
    14 00000013 400B                            DW      2880
    15 00000015 F0                              DB      0xf0
    16 00000016 0900                            DW      9
    17 00000018 1200                            DW      18
    18 0000001A 0200                            DW      2
    19 0000001C 00000000                        DD      0
    20 00000020 400B0000                        DD      2880
    21                                  
    22                                      ; FAT12/16におけるオフセット36以降のフィールド
    23 00000024 000029                          DB      0,0,0x29
    24 00000027 FFFFFFFF                        DD      0xffffffff
    25 0000002B 48415249424F54454F-             DB      "HARIBOTEOS "
    25 00000034 5320               
    26 00000036 4641543132202020                DB      "FAT12   "
    27 0000003E 00<rept>                        TIMES    18     DB 0
    28                                  
    29                                  ; START BS_BootCode 64(0x14)    448(0x1C0)
    30                                  entry:
    31 00000050 B80000                          MOV     AX, 0
    32 00000053 8ED0                            MOV     SS, AX
    33 00000055 BC007C                          MOV     SP, 0x7c00
    34 00000058 8ED8                            MOV     DS, AX
    35                                  
    36                                          ;MOV     SI, msg
    37                                  
    38                                  ; load disk
    39 0000005A B82008                          MOV     AX, 0x0820
    40 0000005D 8EC0                            MOV     ES, AX
    41 0000005F B500                            MOV     CH, 0
    42 00000061 B600                            MOV     DH, 0
    43 00000063 B102                            MOV     CL, 2
    44                                  
    45                                  readloop:
    46 00000065 BE0000                          MOV     SI, 0
    47                                  
    48                                  retry:
    49 00000068 B402                            MOV     AH, 0x02
    50 0000006A B001                            MOV     AL, 1
    51 0000006C BB0000                          MOV     BX, 0
    52                                  
    53 0000006F B200                            MOV     DL, 0x00
    54 00000071 CD13                            INT     0x13
    55 00000073 7310                            JNC     next
    56                                  
    57 00000075 83C601                          ADD     SI, 1
    58 00000078 83FE05                          CMP     SI, 5
    59 0000007B 732D                            JAE     error
    60                                  
    61 0000007D B400                            MOV     AH, 0x00
    62 0000007F B200                            MOV     DL, 0x00
    63 00000081 CD13                            INT     0x13
    64 00000083 EBE3                            JMP     retry
    65                                  
    66                                  next:
    67 00000085 8CC0                            MOV     AX, ES
    68 00000087 83C020                          ADD     AX, 0x0020
    69 0000008A 8EC0                            MOV     ES, AX
    70 0000008C 80C101                          ADD     CL, 1
    71 0000008F 80F912                          CMP     CL, 18
    72 00000092 76D1                            JBE     readloop
    73                                  
    74 00000094 B101                            MOV     CL, 1
    75 00000096 80C601                          ADD     DH, 1
    76 00000099 80FE02                          CMP     DH, 2
    77 0000009C 72C7                            JB      readloop
    78                                  
    79 0000009E B600                            MOV     DH, 0
    80 000000A0 80C501                          ADD     CH, 1
    81 000000A3 80FD0A                          CMP     CH, CYLS
    82 000000A6 72BD                            JB      readloop
    83                                  
    84                                  fin:
    85                                          HTL
    85          ******************       warning: label alone on a line without a colon might be in error [-w+orphan-labels]
    86 000000A8 EBFE                            JMP     fin
    87                                  
    88                                  error:
    89 000000AA BE[BF00]                        MOV     SI, msg
    90                                  
    91                                  putloop:
    92 000000AD 8A04                            MOV     AL, [SI]
    93 000000AF 83C601                          ADD     SI, 1
    94 000000B2 3C00                            CMP     AL, 0
    95 000000B4 74F2                            JE      fin
    96                                  
    97 000000B6 B40E                            MOV     AH, 0x0e
    98 000000B8 BB0F00                          MOV     BX, 15
    99 000000BB CD10                            INT     0x10
   100 000000BD EBEE                            JMP     putloop
   101                                  
   102                                  msg:
   103 000000BF 0A0A                            DB      0x0a, 0x0a
   104 000000C1 6C6F6164206572726F-             DB      "load error"
   104 000000CA 72                 
   105 000000CB 0A                              DB      0x0a
   106 000000CC 00                              DB      0
   107                                  
   108 000000CD 00<rept>                        TIMES   (0x7dfe - 0x7c00 - ($ - $$)) DB 0
   109                                  
   110 000001FE 55AA                            DB      0x55, 0xaa
